../Core/Src/main.c:99:10:Modbus_CRC16	24	static
../Core/Src/main.c:137:6:Send_Modbus_Func16	32	static
../Core/Src/main.c:160:6:Send_Modbus_Func03	24	static
../Core/Src/main.c:177:6:Received_Modbus	64	static
../Core/Src/main.c:256:6:HAL_GPIO_EXTI_Callback	16	static
../Core/Src/main.c:273:6:scan_keypad	16	static
../Core/Src/main.c:325:6:HAL_UART_RxCpltCallback	16	static
../Core/Src/main.c:332:6:HAL_TIM_PeriodElapsedCallback	16	static
../Core/Src/main.c:366:5:main	24	static
../Core/Src/main.c:442:6:SystemClock_Config	72	static
../Core/Src/main.c:479:13:MX_TIM2_Init	32	static
../Core/Src/main.c:524:13:MX_USART1_UART_Init	8	static
../Core/Src/main.c:558:13:MX_GPIO_Init	32	static
../Core/Src/main.c:616:6:Error_Handler	4	static,ignoring_inline_asm
