../Core/Src/main.c:207:10:Modbus_CRC16	24	static
../Core/Src/main.c:228:6:Send_Modbus	32	static
../Core/Src/main.c:266:6:HAL_GPIO_EXTI_Callback	16	static
../Core/Src/main.c:285:6:scan_keypad	16	static
../Core/Src/main.c:340:6:HAL_UART_RxCpltCallback	16	static
../Core/Src/main.c:348:6:display_key	24	static
../Core/Src/main.c:359:5:main	32	static
../Core/Src/main.c:472:6:SystemClock_Config	72	static
../Core/Src/main.c:509:13:MX_USART1_UART_Init	8	static
../Core/Src/main.c:543:13:MX_GPIO_Init	32	static
../Core/Src/main.c:590:6:Error_Handler	4	static,ignoring_inline_asm
